
> react-kavia@0.1.0 start
> cross-env EDIT_MODE=true webpack serve --config .ve/webpack.config.js --mode development

<i> [webpack-dev-server] Project is running at:
<i> [webpack-dev-server] Loopback: http://localhost:3000/, http://[::1]:3000/
<i> [webpack-dev-server] On Your Network (IPv4): http://172.17.0.2:3000/
<i> [webpack-dev-server] Content not from webpack is served from './public' directory
Injecting EditorRootWrapper import: ../.ve/EditorRootWrapper
asset bundle.js 3.01 MiB [emitted] (name: main)
asset index.html 1.98 KiB [emitted]
orphan modules 366 KiB [orphan] 145 modules
runtime modules 27.5 KiB 14 modules
modules by path ./node_modules/ 2.3 MiB 470 modules
modules by path ./src/ 76.1 KiB
  modules by path ./src/*.js 64.5 KiB 6 modules
  modules by path ./src/*.css 11.6 KiB
    ./src/index.css 2.23 KiB [built] [code generated]
    + 3 modules
modules by path ./.ve/ 15.1 KiB
  modules by path ./.ve/*.js 10.6 KiB 2 modules
  modules by path ./.ve/*.css 2.93 KiB
    ./.ve/EditorOverlay.css 2.25 KiB [built] [code generated]
    ./node_modules/css-loader/dist/cjs.js!./.ve/EditorOverlay.css 697 bytes [built] [code generated]
  ./.ve/EditorOverlay.jsx 1.58 KiB [built] [code generated]
webpack 5.99.9 compiled successfully in 2537 ms
assets by status 1.98 KiB [cached] 1 asset
assets by path *.js 3.08 MiB
  asset bundle.js 3.02 MiB [emitted] (name: main)
  asset main.965b41c6691cc8133229.hot-update.js 67.3 KiB [emitted] [immutable] [hmr] (name: main)
asset main.965b41c6691cc8133229.hot-update.json 28 bytes [emitted] [immutable] [hmr]
Entrypoint main 3.08 MiB = bundle.js 3.02 MiB main.965b41c6691cc8133229.hot-update.js 67.3 KiB
cached modules 2.7 MiB [cached] 629 modules
runtime modules 27.5 KiB 14 modules
javascript modules 53.2 KiB
  ./src/GoalieMainContainer.js 48.8 KiB [built] [code generated]
  ./src/notifications.js 4.43 KiB [built] [code generated]
webpack 5.99.9 compiled successfully in 351 ms
assets by status 1.98 KiB [cached] 1 asset
assets by path *.js 3.08 MiB
  asset bundle.js 3.02 MiB [emitted] (name: main)
  asset main.3abd896c5dc30df95a87.hot-update.js 62.3 KiB [emitted] [immutable] [hmr] (name: main)
asset main.3abd896c5dc30df95a87.hot-update.json 28 bytes [emitted] [immutable] [hmr]
Entrypoint main 3.08 MiB = bundle.js 3.02 MiB main.3abd896c5dc30df95a87.hot-update.js 62.3 KiB
cached modules 2.7 MiB [cached] 630 modules
runtime modules 27.5 KiB 14 modules
./src/GoalieMainContainer.js 48.9 KiB [built] [code generated]
webpack 5.99.9 compiled successfully in 240 ms
assets by status 1.98 KiB [cached] 1 asset
assets by path *.js 3.08 MiB
  asset bundle.js 3.02 MiB [emitted] (name: main)
  asset main.4ee3c5d6dcd40a0fe12d.hot-update.js 62.6 KiB [emitted] [immutable] [hmr] (name: main)
asset main.4ee3c5d6dcd40a0fe12d.hot-update.json 28 bytes [emitted] [immutable] [hmr]
Entrypoint main 3.08 MiB = bundle.js 3.02 MiB main.4ee3c5d6dcd40a0fe12d.hot-update.js 62.6 KiB
cached modules 2.7 MiB [cached] 630 modules
runtime modules 27.5 KiB 14 modules
./src/GoalieMainContainer.js 49.2 KiB [built] [code generated]
webpack 5.99.9 compiled successfully in 170 ms
assets by status 1.98 KiB [cached] 1 asset
assets by path *.js 3.08 MiB
  asset bundle.js 3.02 MiB [emitted] (name: main)
  asset main.463c9bce044ed83cc762.hot-update.js 63.2 KiB [emitted] [immutable] [hmr] (name: main)
asset main.463c9bce044ed83cc762.hot-update.json 28 bytes [emitted] [immutable] [hmr]
Entrypoint main 3.08 MiB = bundle.js 3.02 MiB main.463c9bce044ed83cc762.hot-update.js 63.2 KiB
cached modules 2.7 MiB [cached] 630 modules
runtime modules 27.5 KiB 14 modules
./src/GoalieMainContainer.js 49.6 KiB [built] [code generated]
webpack 5.99.9 compiled successfully in 209 ms
